[debug] [2026-09-17T18:52:18.424Z] ----------------------------------------------------------------------
[debug] [2026-09-17T18:52:18.426Z] Command:       C:\Program Files\nodejs\node.exe C:\Users\METABOX\AppData\Local\pnpm\global\v11\35f0-1a0aebe75ad-37ea6832a3b81245\node_modules\firebase-tools\lib\bin\firebase.js deploy --only hosting
[debug] [2026-09-17T18:52:18.426Z] CLI Version:   15.30.1
[debug] [2026-09-17T18:52:18.426Z] Platform:      win32
[debug] [2026-09-17T18:52:18.426Z] Node Version:  v24.16.0
[debug] [2026-09-17T18:52:18.426Z] Detected Agent: unknown
[debug] [2026-09-17T18:52:18.426Z] Time:          Fri Sep 18 2026 02:52:18 GMT+0800 (Philippine Standard Time)
[debug] [2026-09-17T18:52:18.426Z] ----------------------------------------------------------------------
[debug] 
[debug] [2026-09-17T18:52:20.116Z] > command requires scopes: ["email","openid","https://www.googleapis.com/auth/cloudplatformprojects.readonly","https://www.googleapis.com/auth/firebase","https://www.googleapis.com/auth/cloud-platform"]
[debug] [2026-09-17T18:52:20.116Z] > authorizing via signed-in user (lenthesmiledev@gmail.com)
[debug] [2026-09-17T18:52:20.116Z] [iam] checking project lenicondev for permissions ["firebase.projects.get","firebasehosting.sites.update"]
[debug] [2026-09-17T18:52:20.130Z] Checked if tokens are valid: true, expires at: 1789672847225
[debug] [2026-09-17T18:52:20.131Z] Checked if tokens are valid: true, expires at: 1789672847225
[debug] [2026-09-17T18:52:20.131Z] >>> [apiv2][query] POST https://cloudresourcemanager.googleapis.com/v1/projects/lenicondev:testIamPermissions [none]
[debug] [2026-09-17T18:52:20.132Z] >>> [apiv2][(partial)header] POST https://cloudresourcemanager.googleapis.com/v1/projects/lenicondev:testIamPermissions  x-goog-user-project=lenicondev
[debug] [2026-09-17T18:52:20.132Z] >>> [apiv2][body] POST https://cloudresourcemanager.googleapis.com/v1/projects/lenicondev:testIamPermissions {"permissions":["firebase.projects.get","firebasehosting.sites.update"]}
[debug] [2026-09-17T18:52:21.112Z] <<< [apiv2][status] POST https://cloudresourcemanager.googleapis.com/v1/projects/lenicondev:testIamPermissions 200
[debug] [2026-09-17T18:52:21.112Z] <<< [apiv2][body] POST https://cloudresourcemanager.googleapis.com/v1/projects/lenicondev:testIamPermissions {"permissions":["firebase.projects.get","firebasehosting.sites.update"]}
[debug] [2026-09-17T18:52:21.113Z] Checked if tokens are valid: true, expires at: 1789672847225
[debug] [2026-09-17T18:52:21.113Z] Checked if tokens are valid: true, expires at: 1789672847225
[debug] [2026-09-17T18:52:21.113Z] >>> [apiv2][query] GET https://firebase.googleapis.com/v1beta1/projects/lenicondev [none]
[debug] [2026-09-17T18:52:21.488Z] <<< [apiv2][status] GET https://firebase.googleapis.com/v1beta1/projects/lenicondev 200
[debug] [2026-09-17T18:52:21.488Z] <<< [apiv2][body] GET https://firebase.googleapis.com/v1beta1/projects/lenicondev {"projectId":"lenicondev","projectNumber":"915436444380","displayName":"lenicondev","name":"projects/lenicondev","resources":{"hostingSite":"lenicondev"},"state":"ACTIVE","labels":{"firebase":"enabled"},"etag":"1_ba1d1be4-6fc7-472b-8f9a-1b21f70ab4c9"}
[info] 
[info] === Deploying to 'lenicondev'...
[info] 
[info] i  deploying hosting 
[info] Running command: pnpm run build
